// Jest Snapshot v1, https://goo.gl/fbAQLP

exports[`Equation should render correctly 1`] = `"<div class=\\"well\\" style=\\"padding: 10px;\\"><label for=\\"equation\\">Przeczytaj r√≥wnanie<div id=\\"equation\\"><button name=\\"number 2\\" style=\\"margin: 5px; width: 55px; height: 55px; padding: 0px;\\" type=\\"button\\" tabindex=\\"-1\\" role=\\"option\\" class=\\"btn btn-success btn-lg\\">2</button><img src=\\"multiply.png\\" alt=\\"multiply\\" style=\\"margin: 5px; width: 55px; height: 55px; padding: 12px;\\"><button name=\\"by 2\\" style=\\"margin: 5px; width: 55px; height: 55px; padding: 0px;\\" type=\\"button\\" tabindex=\\"-1\\" role=\\"option\\" class=\\"btn btn-success btn-lg\\">2</button><img src=\\"equals.png\\" alt=\\"equals\\" style=\\"margin: 5px; width: 55px; height: 55px; padding: 12px;\\"><button name=\\"answer 22\\" style=\\"margin: 5px; width: 55px; height: 55px; padding: 0px;\\" type=\\"button\\" tabindex=\\"-1\\" role=\\"option\\" class=\\"btn btn-success btn-lg\\">22</button></div></label></div>"`;
